
> backend@0.0.1 build
> nest build

node.exe : [96msrc/p
osts/posts.controller
.ts[0m:[93m29[0m:
[93m37[0m - 
[91merror[0m[90m 
TS2322: [0mType 
'string' is not 
assignable to type 
'ObjectId'.
At line:1 char:1
+ & "C:\Program Files
\nodejs/node.exe" 
"C:\Program 
Files\nodejs/node_mo 
...
+ ~~~~~~~~~~~~~~~~~~~
~~~~~~~~~~~~~~~~~~~~~
~~~~~~~~~~~~~~~~~~~~~
~~~~~~~~
    + CategoryInfo   
           : NotSpe  
  cified: ([96msr   
 c/posts/...ype '    
ObjectId'.:Strin    
g) [], RemoteExc    
eption
    + FullyQualified 
   ErrorId : Native  
  CommandError
 

[7m29[0m     
return 
this.ps.create({ 
...dto, author: 
userId, 
featuredImage: 
imageUrl });
[7m  [0m [91m     
                     
          ~~~~~~[0m

  [96msrc/posts/sche
mas/post.schema.ts[0
m:[93m30[0m:[93m3
[0m
    [7m30[0m   
author: 
Types.ObjectId;
    [7m  [0m [96m 
 ~~~~~~[0m
    The expected 
type comes from 
property 'author' 
which is declared 
here on type 
'Partial<Post>'

Found 1 error(s).

